// Jest Snapshot v1, https://goo.gl/fbAQLP

exports[`WeatherCard Component matches snapshot 1`] = `
<div>
  <div
    class="min-w-sm relative flex w-full max-w-sm cursor-pointer justify-center rounded-2xl bg-slate-100 p-5 transition duration-200 hover:scale-105 hover:shadow-2xl dark:bg-slate-800"
  >
    <div
      class="w-full space-y-5"
    >
      <div
        class="flex justify-between"
      >
        <span
          class="rounded text-xl font-semibold"
        >
          Sample City
        </span>
        <div
          class="flex gap-2"
          data-testid="remove-icon"
        >
          <svg
            class="text-3xl text-red-500 hover:text-red-700"
            fill="currentColor"
            fill-rule="evenodd"
            height="1em"
            stroke="currentColor"
            stroke-width="0"
            viewBox="0 0 1024 1024"
            width="1em"
            xmlns="http://www.w3.org/2000/svg"
          >
            <path
              d="M799.855 166.312c.023.007.043.018.084.059l57.69 57.69c.041.041.052.06.059.084a.118.118 0 0 1 0 .069c-.007.023-.018.042-.059.083L569.926 512l287.703 287.703c.041.04.052.06.059.083a.118.118 0 0 1 0 .07c-.007.022-.018.042-.059.083l-57.69 57.69c-.041.041-.06.052-.084.059a.118.118 0 0 1-.069 0c-.023-.007-.042-.018-.083-.059L512 569.926 224.297 857.629c-.04.041-.06.052-.083.059a.118.118 0 0 1-.07 0c-.022-.007-.042-.018-.083-.059l-57.69-57.69c-.041-.041-.052-.06-.059-.084a.118.118 0 0 1 0-.069c.007-.023.018-.042.059-.083L454.073 512 166.371 224.297c-.041-.04-.052-.06-.059-.083a.118.118 0 0 1 0-.07c.007-.022.018-.042.059-.083l57.69-57.69c.041-.041.06-.052.084-.059a.118.118 0 0 1 .069 0c.023.007.042.018.083.059L512 454.073l287.703-287.702c.04-.041.06-.052.083-.059a.118.118 0 0 1 .07 0Z"
            />
          </svg>
        </div>
      </div>
      <div
        class="flex items-center justify-between"
      >
        <div
          class="flex items-center justify-center"
        >
          <canvas
            height="70"
            width="70"
          />
          <h1
            class="text-6xl"
          >
            25
            Â°C
          </h1>
        </div>
        <div
          class="flex items-center justify-center"
        >
          <span
            class="text-xl font-bold"
          >
            Wed 5:30 PM
          </span>
        </div>
      </div>
    </div>
  </div>
</div>
`;
