// Jest Snapshot v1, https://goo.gl/fbAQLP

exports[`WeatherCardSkeleton matches snapshot 1`] = `
<div>
  <div
    class="flex w-full justify-center rounded-2xl bg-slate-100 p-5 transition duration-200 hover:shadow-2xl dark:bg-slate-800"
  >
    <div
      class="w-full space-y-5"
    >
      <div
        class="flex justify-between text-2xl"
      >
        <div
          class="h-6 w-1/3 animate-pulse rounded-md bg-gray-300 dark:bg-gray-500 "
        />
        <div
          class="h-6 w-1/3 animate-pulse rounded-md bg-gray-300 dark:bg-gray-500"
        />
      </div>
      <div
        class="flex justify-around"
      >
        <div
          class="flex flex-col items-center"
        >
          <div
            class="flex items-center"
          >
            <div
              class="h-24 w-24 animate-pulse rounded-full bg-gray-300 dark:bg-gray-500"
            />
            <div
              class="ml-4 h-32 w-32 animate-pulse rounded-md bg-gray-300 dark:bg-gray-500"
            />
          </div>
        </div>
        <div
          class="flex flex-col text-2xl"
        >
          <div
            class="mb-5 flex justify-between gap-5"
          >
            <div
              class="h-6 w-2/3 animate-pulse rounded-md bg-gray-300 dark:bg-gray-500"
            />
            <div
              class="h-6 w-1/3 animate-pulse rounded-md bg-gray-300 dark:bg-gray-500"
            />
          </div>
          <div
            class="flex flex-col gap-2"
          >
            <div
              class="flex justify-between gap-5 "
            >
              <div
                class="flex gap-2 "
              >
                <div
                  class="h-6 w-6 animate-pulse rounded-full bg-gray-300 dark:bg-gray-500"
                />
                <div
                  class="h-6 w-16 animate-pulse rounded-md bg-gray-300 dark:bg-gray-500"
                />
              </div>
              <div
                class="h-6 w-16 animate-pulse rounded-md bg-gray-300 dark:bg-gray-500"
              />
            </div>
            <div
              class="flex justify-between gap-5 "
            >
              <div
                class="flex gap-2 "
              >
                <div
                  class="h-6 w-6 animate-pulse rounded-full bg-gray-300 dark:bg-gray-500"
                />
                <div
                  class="h-6 w-16 animate-pulse rounded-md bg-gray-300 dark:bg-gray-500"
                />
              </div>
              <div
                class="h-6 w-16 animate-pulse rounded-md bg-gray-300 dark:bg-gray-500"
              />
            </div>
            <div
              class="flex justify-between gap-5 "
            >
              <div
                class="flex gap-2 "
              >
                <div
                  class="h-6 w-6 animate-pulse rounded-full bg-gray-300 dark:bg-gray-500"
                />
                <div
                  class="h-6 w-16 animate-pulse rounded-md bg-gray-300 dark:bg-gray-500"
                />
              </div>
              <div
                class="h-6 w-16 animate-pulse rounded-md bg-gray-300 dark:bg-gray-500"
              />
            </div>
            <div
              class="flex justify-between gap-5 "
            >
              <div
                class="flex gap-2 "
              >
                <div
                  class="h-6 w-6 animate-pulse rounded-full bg-gray-300 dark:bg-gray-500"
                />
                <div
                  class="h-6 w-16 animate-pulse rounded-md bg-gray-300 dark:bg-gray-500"
                />
              </div>
              <div
                class="h-6 w-16 animate-pulse rounded-md bg-gray-300 dark:bg-gray-500"
              />
            </div>
          </div>
        </div>
      </div>
    </div>
  </div>
</div>
`;
