// Jest Snapshot v1, https://goo.gl/fbAQLP

exports[`NoteItem matches snapshot 1`] = `
<div>
  <div
    class="flex w-[calc(50%-4px)] items-end rounded bg-slate-100 p-1 dark:bg-secondary"
  >
    <textarea
      class="placeholder:text-primary/80 flex min-h-[80px] rounded-md px-3 py-2 text-sm text-primary focus-visible:outline-none disabled:cursor-not-allowed w-full resize-none bg-transparent focus-visible:ring-0 focus-visible:ring-offset-0 disabled:text-primary disabled:opacity-60"
      cols="5"
      data-testid="textarea-1"
      disabled=""
      id="1"
      rows="2"
    >
      Test note content
    </textarea>
    <div>
      <div
        class="flex gap-2"
      >
        <button
          class="inline-flex items-center justify-center rounded-md font-medium transition-colors focus:outline-none focus:ring-slate-400 disabled:opacity-50 dark:focus:ring-slate-400 disabled:pointer-events-none dark:focus:ring-offset-primary focus:ring-0 focus:ring-offset-0 ring-0 bg-transparent hover:bg-slate-100 dark:hover:bg-secondary data-[state=open]:bg-transparent dark:data-[state=open]:bg-transparent h-10 p-0 text-3xl text-blue-500 dark:text-blue-500 dark:hover:text-blue-700"
          data-testid="edit-note-1"
        >
          <svg
            fill="currentColor"
            height="1em"
            stroke="currentColor"
            stroke-width="0"
            viewBox="0 0 24 24"
            width="1em"
            xmlns="http://www.w3.org/2000/svg"
          >
            <path
              d="M19.045 7.401c.378-.378.586-.88.586-1.414s-.208-1.036-.586-1.414l-1.586-1.586c-.378-.378-.88-.586-1.414-.586s-1.036.208-1.413.585L4 13.585V18h4.413L19.045 7.401zm-3-3 1.587 1.585-1.59 1.584-1.586-1.585 1.589-1.584zM6 16v-1.585l7.04-7.018 1.586 1.586L7.587 16H6zm-2 4h16v2H4z"
            />
          </svg>
        </button>
        <button
          class="inline-flex items-center justify-center rounded-md font-medium transition-colors focus:outline-none focus:ring-slate-400 disabled:opacity-50 dark:focus:ring-slate-400 disabled:pointer-events-none dark:focus:ring-offset-primary focus:ring-0 focus:ring-offset-0 ring-0 bg-transparent hover:bg-slate-100 dark:hover:bg-secondary data-[state=open]:bg-transparent dark:data-[state=open]:bg-transparent h-10 p-0 text-3xl text-red-500 dark:text-red-500 dark:hover:text-red-700"
          data-testid="delete-note-1"
        >
          <svg
            fill="currentColor"
            height="1em"
            stroke="currentColor"
            stroke-width="0"
            viewBox="0 0 24 24"
            width="1em"
            xmlns="http://www.w3.org/2000/svg"
          >
            <path
              d="M5 20a2 2 0 0 0 2 2h10a2 2 0 0 0 2-2V8h2V6h-4V4a2 2 0 0 0-2-2H9a2 2 0 0 0-2 2v2H3v2h2zM9 4h6v2H9zM8 8h9v12H7V8z"
            />
            <path
              d="M9 10h2v8H9zm4 0h2v8h-2z"
            />
          </svg>
        </button>
      </div>
    </div>
  </div>
</div>
`;
